// Jest Snapshot v1, https://goo.gl/fbAQLP

exports[`snapshot 1`] = `
Array [
  <button
    className="track__button track__button--play"
    disabled={true}
    onClick={[MockFunction]}
    type="button"
  />,
  <div
    className="track__status"
  >
    <audio />
  </div>,
]
`;
