// Jest Snapshot v1, https://goo.gl/fbAQLP

exports[`AudioPlayer correctly renders 1`] = `
<div
  className="game__track"
>
  <button
    className="track__button track__button--pause"
    onClick={[Function]}
    type="button"
  />
  <div
    className="track__status"
  >
    <audio />
  </div>
</div>
`;
