// Jest Snapshot v1, https://goo.gl/fbAQLP

exports[`snapshot 1`] = `
<section
  className="game__screen"
>
  <h2
    className="game__title"
  >
    Выберите 
    rock
     треки
  </h2>
  <form
    className="game__tracks"
    onSubmit={[Function]}
  >
    <div
      className="track"
    >
      <div
        className="game__answer"
      >
        <input
          className="game__input visually-hidden"
          defaultValue="answer-0"
          id="answer-0"
          name="answer"
          onChange={[Function]}
          type="checkbox"
        />
        <label
          className="game__check"
          htmlFor="answer-0"
        >
          Отметить
        </label>
      </div>
    </div>
    <div
      className="track"
    >
      <div
        className="game__answer"
      >
        <input
          className="game__input visually-hidden"
          defaultValue="answer-1"
          id="answer-1"
          name="answer"
          onChange={[Function]}
          type="checkbox"
        />
        <label
          className="game__check"
          htmlFor="answer-1"
        >
          Отметить
        </label>
      </div>
    </div>
    <button
      className="game__submit button"
      type="submit"
    >
      Ответить
    </button>
  </form>
</section>
`;
